<html>
<body>
<pre>
<h1>µVision Build Log</h1>
<h2>Tool Versions:</h2>
IDE-Version: ¦ÌVision V5.17.0.0
Copyright (C) 2015 ARM Ltd and ARM Germany GmbH. All rights reserved.
License Information: Jeffrey Lee, CMS, LIC=14HPC-7YH0M-CW52K-ZMNQH-IUFXR-AU4XE
 
Tool Versions:
Toolchain:       MDK-ARM Standard  Version: 5.17
Toolchain Path:  D:\Install software\keil5\ARM\ARMCC\Bin
C Compiler:      Armcc.exe V5.06 update 1 (build 61)
Assembler:       Armasm.exe V5.06 update 1 (build 61)
Linker/Locator:  ArmLink.exe V5.06 update 1 (build 61)
Library Manager: ArmAr.exe V5.06 update 1 (build 61)
Hex Converter:   FromElf.exe V5.06 update 1 (build 61)
CPU DLL:         SARMCM3.DLL V5.17
Dialog DLL:      DCM.DLL V1.13.4.0
Target DLL:      STLink\ST-LINKIII-KEIL_SWO.dll V2.0.18.0
Dialog DLL:      TCM.DLL V1.14.6.0
 
<h2>Project:</h2>
E:\STM32F4_Work\20180506\STM32F4xx_DSP_StdPeriph_Lib_V1.8.0\STM32F4xx_DSP_StdPeriph_Lib_V1.8.0\Project\STM32F4xx_StdPeriph_Templates\MDK-ARM\Project.uvprojx
Project File Date:  04/20/2018

<h2>Output:</h2>
*** Using Compiler 'V5.06 update 1 (build 61)', folder: 'D:\Install software\keil5\ARM\ARMCC\Bin'
Rebuild target 'STM32F411xE'
compiling stm32f4xx_it.c...
compiling system_stm32f4xx.c...
compiling main.c...
../main.c(85): warning:  #177-D: variable "GPIO_InitStructure" was declared but never referenced
    GPIO_InitTypeDef GPIO_InitStructure;
../main.c(192): warning:  #177-D: function "SysTickConfig" was declared but never referenced
  static void SysTickConfig(void)
../main.c: 2 warnings, 0 errors
compiling cms_config.c...
compiling cms_rf.c...
compiling cms_debug.c...
compiling cms_spi.c...
compiling cms_uart.c...
compiling cms_timer.c...
compiling cms_rf_2.c...
compiling stm32f4xx_pwr.c...
compiling stm32f4xx_dma2d.c...
compiling stm32f4xx_flash.c...
compiling stm32f4xx_fmpi2c.c...
compiling stm32f4xx_wwdg.c...
compiling stm32f4xx_spi.c...
compiling stm32f4xx_dfsdm.c...
compiling stm32f4xx_hash.c...
compiling stm32f4xx_ltdc.c...
compiling stm32f4xx_dbgmcu.c...
compiling stm32f4xx_sdio.c...
compiling stm32f4xx_tim.c...
compiling stm32f4xx_iwdg.c...
compiling stm32f4xx_flash_ramfunc.c...
compiling stm32f4xx_cryp.c...
compiling stm32f4xx_cryp_tdes.c...
compiling stm32f4xx_rtc.c...
compiling stm32f4xx_cryp_aes.c...
compiling stm32f4xx_adc.c...
compiling stm32f4xx_cryp_des.c...
compiling stm32f4xx_i2c.c...
compiling stm32f4xx_spdifrx.c...
compiling stm32f4xx_usart.c...
compiling stm32f4xx_sai.c...
compiling stm32f4xx_crc.c...
compiling stm32f4xx_rng.c...
compiling misc.c...
compiling stm32f4xx_exti.c...
compiling stm32f4xx_dac.c...
compiling stm32f4xx_lptim.c...
compiling stm32f4xx_can.c...
compiling stm32f4xx_dcmi.c...
compiling stm32f4xx_hash_md5.c...
compiling stm32f4xx_gpio.c...
compiling stm32f4xx_rcc.c...
compiling stm32f4xx_syscfg.c...
compiling stm32f4xx_dma.c...
compiling stm32f4xx_hash_sha1.c...
assembling startup_stm32f411xe.s...
linking...
Program Size: Code=3810 RO-data=450 RW-data=32 ZI-data=1080  
"STM32F411xE\STM32F411xE.axf" - 0 Error(s), 2 Warning(s).

<h2>Software Packages used:</h2>

Package Vendor: ARM
                http://www.keil.com/pack/ARM.CMSIS.4.5.0.pack
                ARM::CMSIS:CORE:4.3.0
                CMSIS (Cortex Microcontroller Software Interface Standard)
   * Component: CORE Version: 4.3.0

<h2>Collection of Component include folders:</h2>
  E:\STM32F4_Work\20180506\STM32F4xx_DSP_StdPeriph_Lib_V1.8.0\STM32F4xx_DSP_StdPeriph_Lib_V1.8.0\Project\STM32F4xx_StdPeriph_Templates\MDK-ARM\RTE
  D:\Install software\keil5\ARM\PACK\ARM\CMSIS\4.5.0\CMSIS\Include
  D:\Install software\keil5\ARM\PACK\Keil\STM32F4xx_DFP\2.13.0\Drivers\CMSIS\Device\ST\STM32F4xx\Include

<h2>Collection of Component Files used:</h2>

   * Component: ARM::CMSIS:CORE:4.3.0
Build Time Elapsed:  00:00:19
</pre>
</body>
</html>
