###############################################################################
#
# IAR ELF Linker V8.20.2.14835/W32 for ARM                17/Apr/2018  17:43:04
# Copyright 2007-2017 IAR Systems AB.
#
#    Output file  =  
#        E:\CMS_Project\Radar\Project\en.stm32f4_dsp_stdperiph_lib\STM32F4xx_DSP_StdPeriph_Lib_V1.8.0\Project\STM32F4xx_StdPeriph_Templates\EWARM\STM32F429_439xx\Exe\Project.out
#    Map file     =  
#        E:\CMS_Project\Radar\Project\en.stm32f4_dsp_stdperiph_lib\STM32F4xx_DSP_StdPeriph_Lib_V1.8.0\Project\STM32F4xx_StdPeriph_Templates\EWARM\STM32F429_439xx\List\Project.map
#    Command line =  
#        -f C:\Users\ADMINI~1\AppData\Local\Temp\EW6C05.tmp
#        (E:\CMS_Project\Radar\Project\en.stm32f4_dsp_stdperiph_lib\STM32F4xx_DSP_StdPeriph_Lib_V1.8.0\Project\STM32F4xx_StdPeriph_Templates\EWARM\STM32F429_439xx\Obj\main.o
#        E:\CMS_Project\Radar\Project\en.stm32f4_dsp_stdperiph_lib\STM32F4xx_DSP_StdPeriph_Lib_V1.8.0\Project\STM32F4xx_StdPeriph_Templates\EWARM\STM32F429_439xx\Obj\misc.o
#        E:\CMS_Project\Radar\Project\en.stm32f4_dsp_stdperiph_lib\STM32F4xx_DSP_StdPeriph_Lib_V1.8.0\Project\STM32F4xx_StdPeriph_Templates\EWARM\STM32F429_439xx\Obj\startup_stm32f429_439xx.o
#        E:\CMS_Project\Radar\Project\en.stm32f4_dsp_stdperiph_lib\STM32F4xx_DSP_StdPeriph_Lib_V1.8.0\Project\STM32F4xx_StdPeriph_Templates\EWARM\STM32F429_439xx\Obj\stm32f4xx_adc.o
#        E:\CMS_Project\Radar\Project\en.stm32f4_dsp_stdperiph_lib\STM32F4xx_DSP_StdPeriph_Lib_V1.8.0\Project\STM32F4xx_StdPeriph_Templates\EWARM\STM32F429_439xx\Obj\stm32f4xx_can.o
#        E:\CMS_Project\Radar\Project\en.stm32f4_dsp_stdperiph_lib\STM32F4xx_DSP_StdPeriph_Lib_V1.8.0\Project\STM32F4xx_StdPeriph_Templates\EWARM\STM32F429_439xx\Obj\stm32f4xx_crc.o
#        E:\CMS_Project\Radar\Project\en.stm32f4_dsp_stdperiph_lib\STM32F4xx_DSP_StdPeriph_Lib_V1.8.0\Project\STM32F4xx_StdPeriph_Templates\EWARM\STM32F429_439xx\Obj\stm32f4xx_cryp.o
#        E:\CMS_Project\Radar\Project\en.stm32f4_dsp_stdperiph_lib\STM32F4xx_DSP_StdPeriph_Lib_V1.8.0\Project\STM32F4xx_StdPeriph_Templates\EWARM\STM32F429_439xx\Obj\stm32f4xx_cryp_aes.o
#        E:\CMS_Project\Radar\Project\en.stm32f4_dsp_stdperiph_lib\STM32F4xx_DSP_StdPeriph_Lib_V1.8.0\Project\STM32F4xx_StdPeriph_Templates\EWARM\STM32F429_439xx\Obj\stm32f4xx_cryp_des.o
#        E:\CMS_Project\Radar\Project\en.stm32f4_dsp_stdperiph_lib\STM32F4xx_DSP_StdPeriph_Lib_V1.8.0\Project\STM32F4xx_StdPeriph_Templates\EWARM\STM32F429_439xx\Obj\stm32f4xx_cryp_tdes.o
#        E:\CMS_Project\Radar\Project\en.stm32f4_dsp_stdperiph_lib\STM32F4xx_DSP_StdPeriph_Lib_V1.8.0\Project\STM32F4xx_StdPeriph_Templates\EWARM\STM32F429_439xx\Obj\stm32f4xx_dac.o
#        E:\CMS_Project\Radar\Project\en.stm32f4_dsp_stdperiph_lib\STM32F4xx_DSP_StdPeriph_Lib_V1.8.0\Project\STM32F4xx_StdPeriph_Templates\EWARM\STM32F429_439xx\Obj\stm32f4xx_dbgmcu.o
#        E:\CMS_Project\Radar\Project\en.stm32f4_dsp_stdperiph_lib\STM32F4xx_DSP_StdPeriph_Lib_V1.8.0\Project\STM32F4xx_StdPeriph_Templates\EWARM\STM32F429_439xx\Obj\stm32f4xx_dcmi.o
#        E:\CMS_Project\Radar\Project\en.stm32f4_dsp_stdperiph_lib\STM32F4xx_DSP_StdPeriph_Lib_V1.8.0\Project\STM32F4xx_StdPeriph_Templates\EWARM\STM32F429_439xx\Obj\stm32f4xx_dfsdm.o
#        E:\CMS_Project\Radar\Project\en.stm32f4_dsp_stdperiph_lib\STM32F4xx_DSP_StdPeriph_Lib_V1.8.0\Project\STM32F4xx_StdPeriph_Templates\EWARM\STM32F429_439xx\Obj\stm32f4xx_dma.o
#        E:\CMS_Project\Radar\Project\en.stm32f4_dsp_stdperiph_lib\STM32F4xx_DSP_StdPeriph_Lib_V1.8.0\Project\STM32F4xx_StdPeriph_Templates\EWARM\STM32F429_439xx\Obj\stm32f4xx_dma2d.o
#        E:\CMS_Project\Radar\Project\en.stm32f4_dsp_stdperiph_lib\STM32F4xx_DSP_StdPeriph_Lib_V1.8.0\Project\STM32F4xx_StdPeriph_Templates\EWARM\STM32F429_439xx\Obj\stm32f4xx_exti.o
#        E:\CMS_Project\Radar\Project\en.stm32f4_dsp_stdperiph_lib\STM32F4xx_DSP_StdPeriph_Lib_V1.8.0\Project\STM32F4xx_StdPeriph_Templates\EWARM\STM32F429_439xx\Obj\stm32f4xx_flash.o
#        E:\CMS_Project\Radar\Project\en.stm32f4_dsp_stdperiph_lib\STM32F4xx_DSP_StdPeriph_Lib_V1.8.0\Project\STM32F4xx_StdPeriph_Templates\EWARM\STM32F429_439xx\Obj\stm32f4xx_fmc.o
#        E:\CMS_Project\Radar\Project\en.stm32f4_dsp_stdperiph_lib\STM32F4xx_DSP_StdPeriph_Lib_V1.8.0\Project\STM32F4xx_StdPeriph_Templates\EWARM\STM32F429_439xx\Obj\stm32f4xx_fmpi2c.o
#        E:\CMS_Project\Radar\Project\en.stm32f4_dsp_stdperiph_lib\STM32F4xx_DSP_StdPeriph_Lib_V1.8.0\Project\STM32F4xx_StdPeriph_Templates\EWARM\STM32F429_439xx\Obj\stm32f4xx_gpio.o
#        E:\CMS_Project\Radar\Project\en.stm32f4_dsp_stdperiph_lib\STM32F4xx_DSP_StdPeriph_Lib_V1.8.0\Project\STM32F4xx_StdPeriph_Templates\EWARM\STM32F429_439xx\Obj\stm32f4xx_hash.o
#        E:\CMS_Project\Radar\Project\en.stm32f4_dsp_stdperiph_lib\STM32F4xx_DSP_StdPeriph_Lib_V1.8.0\Project\STM32F4xx_StdPeriph_Templates\EWARM\STM32F429_439xx\Obj\stm32f4xx_hash_md5.o
#        E:\CMS_Project\Radar\Project\en.stm32f4_dsp_stdperiph_lib\STM32F4xx_DSP_StdPeriph_Lib_V1.8.0\Project\STM32F4xx_StdPeriph_Templates\EWARM\STM32F429_439xx\Obj\stm32f4xx_hash_sha1.o
#        E:\CMS_Project\Radar\Project\en.stm32f4_dsp_stdperiph_lib\STM32F4xx_DSP_StdPeriph_Lib_V1.8.0\Project\STM32F4xx_StdPeriph_Templates\EWARM\STM32F429_439xx\Obj\stm32f4xx_i2c.o
#        E:\CMS_Project\Radar\Project\en.stm32f4_dsp_stdperiph_lib\STM32F4xx_DSP_StdPeriph_Lib_V1.8.0\Project\STM32F4xx_StdPeriph_Templates\EWARM\STM32F429_439xx\Obj\stm32f4xx_it.o
#        E:\CMS_Project\Radar\Project\en.stm32f4_dsp_stdperiph_lib\STM32F4xx_DSP_StdPeriph_Lib_V1.8.0\Project\STM32F4xx_StdPeriph_Templates\EWARM\STM32F429_439xx\Obj\stm32f4xx_iwdg.o
#        E:\CMS_Project\Radar\Project\en.stm32f4_dsp_stdperiph_lib\STM32F4xx_DSP_StdPeriph_Lib_V1.8.0\Project\STM32F4xx_StdPeriph_Templates\EWARM\STM32F429_439xx\Obj\stm32f4xx_lptim.o
#        E:\CMS_Project\Radar\Project\en.stm32f4_dsp_stdperiph_lib\STM32F4xx_DSP_StdPeriph_Lib_V1.8.0\Project\STM32F4xx_StdPeriph_Templates\EWARM\STM32F429_439xx\Obj\stm32f4xx_ltdc.o
#        E:\CMS_Project\Radar\Project\en.stm32f4_dsp_stdperiph_lib\STM32F4xx_DSP_StdPeriph_Lib_V1.8.0\Project\STM32F4xx_StdPeriph_Templates\EWARM\STM32F429_439xx\Obj\stm32f4xx_pwr.o
#        E:\CMS_Project\Radar\Project\en.stm32f4_dsp_stdperiph_lib\STM32F4xx_DSP_StdPeriph_Lib_V1.8.0\Project\STM32F4xx_StdPeriph_Templates\EWARM\STM32F429_439xx\Obj\stm32f4xx_rcc.o
#        E:\CMS_Project\Radar\Project\en.stm32f4_dsp_stdperiph_lib\STM32F4xx_DSP_StdPeriph_Lib_V1.8.0\Project\STM32F4xx_StdPeriph_Templates\EWARM\STM32F429_439xx\Obj\stm32f4xx_rng.o
#        E:\CMS_Project\Radar\Project\en.stm32f4_dsp_stdperiph_lib\STM32F4xx_DSP_StdPeriph_Lib_V1.8.0\Project\STM32F4xx_StdPeriph_Templates\EWARM\STM32F429_439xx\Obj\stm32f4xx_rtc.o
#        E:\CMS_Project\Radar\Project\en.stm32f4_dsp_stdperiph_lib\STM32F4xx_DSP_StdPeriph_Lib_V1.8.0\Project\STM32F4xx_StdPeriph_Templates\EWARM\STM32F429_439xx\Obj\stm32f4xx_sai.o
#        E:\CMS_Project\Radar\Project\en.stm32f4_dsp_stdperiph_lib\STM32F4xx_DSP_StdPeriph_Lib_V1.8.0\Project\STM32F4xx_StdPeriph_Templates\EWARM\STM32F429_439xx\Obj\stm32f4xx_sdio.o
#        E:\CMS_Project\Radar\Project\en.stm32f4_dsp_stdperiph_lib\STM32F4xx_DSP_StdPeriph_Lib_V1.8.0\Project\STM32F4xx_StdPeriph_Templates\EWARM\STM32F429_439xx\Obj\stm32f4xx_spdifrx.o
#        E:\CMS_Project\Radar\Project\en.stm32f4_dsp_stdperiph_lib\STM32F4xx_DSP_StdPeriph_Lib_V1.8.0\Project\STM32F4xx_StdPeriph_Templates\EWARM\STM32F429_439xx\Obj\stm32f4xx_spi.o
#        E:\CMS_Project\Radar\Project\en.stm32f4_dsp_stdperiph_lib\STM32F4xx_DSP_StdPeriph_Lib_V1.8.0\Project\STM32F4xx_StdPeriph_Templates\EWARM\STM32F429_439xx\Obj\stm32f4xx_syscfg.o
#        E:\CMS_Project\Radar\Project\en.stm32f4_dsp_stdperiph_lib\STM32F4xx_DSP_StdPeriph_Lib_V1.8.0\Project\STM32F4xx_StdPeriph_Templates\EWARM\STM32F429_439xx\Obj\stm32f4xx_tim.o
#        E:\CMS_Project\Radar\Project\en.stm32f4_dsp_stdperiph_lib\STM32F4xx_DSP_StdPeriph_Lib_V1.8.0\Project\STM32F4xx_StdPeriph_Templates\EWARM\STM32F429_439xx\Obj\stm32f4xx_usart.o
#        E:\CMS_Project\Radar\Project\en.stm32f4_dsp_stdperiph_lib\STM32F4xx_DSP_StdPeriph_Lib_V1.8.0\Project\STM32F4xx_StdPeriph_Templates\EWARM\STM32F429_439xx\Obj\stm32f4xx_wwdg.o
#        E:\CMS_Project\Radar\Project\en.stm32f4_dsp_stdperiph_lib\STM32F4xx_DSP_StdPeriph_Lib_V1.8.0\Project\STM32F4xx_StdPeriph_Templates\EWARM\STM32F429_439xx\Obj\system_stm32f4xx.o
#        --redirect _Printf=_PrintfSmall --redirect _Scanf=_ScanfSmall -o
#        E:\CMS_Project\Radar\Project\en.stm32f4_dsp_stdperiph_lib\STM32F4xx_DSP_StdPeriph_Lib_V1.8.0\Project\STM32F4xx_StdPeriph_Templates\EWARM\STM32F429_439xx\Exe\Project.out
#        --map
#        E:\CMS_Project\Radar\Project\en.stm32f4_dsp_stdperiph_lib\STM32F4xx_DSP_StdPeriph_Lib_V1.8.0\Project\STM32F4xx_StdPeriph_Templates\EWARM\STM32F429_439xx\List\Project.map
#        --config
#        E:\CMS_Project\Radar\Project\en.stm32f4_dsp_stdperiph_lib\STM32F4xx_DSP_StdPeriph_Lib_V1.8.0\Project\STM32F4xx_StdPeriph_Templates\EWARM\stm32f4xx_flash.icf
#        --semihosting --entry __iar_program_start --vfe --text_out locale)
#
###############################################################################

*******************************************************************************
*** RUNTIME MODEL ATTRIBUTES
***

CppFlavor       = *
__SystemLibrary = DLib
__dlib_version  = 6


*******************************************************************************
*** HEAP SELECTION
***

The basic heap was selected because no calls to memory allocation
functions were found in the application outside of system library
functions, and there are calls to deallocation functions in the
application.


*******************************************************************************
*** PLACEMENT SUMMARY
***

"A0":  place at 0x08000000 { ro section .intvec };
"P1":  place in [from 0x08000000 to 0x081fffff] { ro };
define block CSTACK with size = 1K, alignment = 8 { };
define block HEAP with size = 512, alignment = 8 { };
"P2":  place in [from 0x20000000 to 0x2002ffff] {
          rw, block CSTACK, block HEAP };
initialize by copy { rw };

  Section            Kind        Address   Size  Object
  -------            ----        -------   ----  ------
"A0":                                     0x1ac
  .intvec            ro code  0x08000000  0x1ac  startup_stm32f429_439xx.o [1]
                            - 0x080001ac  0x1ac

"P1":                                     0x581
  .text              ro code  0x080001ac  0x10c  system_stm32f4xx.o [1]
  .text              ro code  0x080002b8   0xc0  stm32f4xx_rcc.o [1]
  .text              ro code  0x08000378   0xbc  main.o [1]
  .text              ro code  0x08000434   0x70  stm32f4xx_gpio.o [1]
  .text              ro code  0x080004a4   0x38  packbits_init_single.o [5]
  .text              ro code  0x080004dc   0x28  data_init.o [5]
  .text              ro code  0x08000504   0x22  fpinit_M.o [4]
  .iar.init_table    const    0x08000528   0x10  - Linker created -
  .text              ro code  0x08000538   0x1e  cmain.o [5]
  .text              ro code  0x08000556    0x4  low_level_init.o [3]
  .text              ro code  0x0800055a    0x4  exit.o [3]
  .text              ro code  0x08000560    0xa  cexit.o [5]
  .text              ro code  0x0800056c   0x14  exit.o [6]
  .text              ro code  0x08000580   0x14  stm32f4xx_it.o [1]
  .text              ro code  0x08000594   0x10  startup_stm32f429_439xx.o [1]
  .text              ro code  0x080005a4    0xc  cstartup_M.o [5]
  .text              ro code  0x080005b0    0x4  startup_stm32f429_439xx.o [1]
  .text              ro code  0x080005b4    0x4  startup_stm32f429_439xx.o [1]
  .text              ro code  0x080005b8    0x4  startup_stm32f429_439xx.o [1]
  .text              ro code  0x080005bc    0x4  startup_stm32f429_439xx.o [1]
  .text              ro code  0x080005c0    0x4  startup_stm32f429_439xx.o [1]
  .text              ro code  0x080005c4    0x4  startup_stm32f429_439xx.o [1]
  .text              ro code  0x080005c8    0x4  startup_stm32f429_439xx.o [1]
  .text              ro code  0x080005cc    0x4  startup_stm32f429_439xx.o [1]
  .text              ro code  0x080005d0    0x4  startup_stm32f429_439xx.o [1]
  .text              ro code  0x080005d4    0x4  startup_stm32f429_439xx.o [1]
  .text              ro code  0x080005d8    0x4  startup_stm32f429_439xx.o [1]
  .text              ro code  0x080005dc    0x4  startup_stm32f429_439xx.o [1]
  .text              ro code  0x080005e0    0x4  startup_stm32f429_439xx.o [1]
  .text              ro code  0x080005e4    0x4  startup_stm32f429_439xx.o [1]
  .text              ro code  0x080005e8    0x4  startup_stm32f429_439xx.o [1]
  .text              ro code  0x080005ec    0x4  startup_stm32f429_439xx.o [1]
  .text              ro code  0x080005f0    0x4  startup_stm32f429_439xx.o [1]
  .text              ro code  0x080005f4    0x4  startup_stm32f429_439xx.o [1]
  .text              ro code  0x080005f8    0x4  startup_stm32f429_439xx.o [1]
  .text              ro code  0x080005fc    0x4  startup_stm32f429_439xx.o [1]
  .text              ro code  0x08000600    0x4  startup_stm32f429_439xx.o [1]
  .text              ro code  0x08000604    0x4  startup_stm32f429_439xx.o [1]
  .text              ro code  0x08000608    0x4  startup_stm32f429_439xx.o [1]
  .text              ro code  0x0800060c    0x4  startup_stm32f429_439xx.o [1]
  .text              ro code  0x08000610    0x4  startup_stm32f429_439xx.o [1]
  .text              ro code  0x08000614    0x4  startup_stm32f429_439xx.o [1]
  .text              ro code  0x08000618    0x4  startup_stm32f429_439xx.o [1]
  .text              ro code  0x0800061c    0x4  startup_stm32f429_439xx.o [1]
  .text              ro code  0x08000620    0x4  startup_stm32f429_439xx.o [1]
  .text              ro code  0x08000624    0x4  startup_stm32f429_439xx.o [1]
  .text              ro code  0x08000628    0x4  startup_stm32f429_439xx.o [1]
  .text              ro code  0x0800062c    0x4  startup_stm32f429_439xx.o [1]
  .text              ro code  0x08000630    0x4  startup_stm32f429_439xx.o [1]
  .text              ro code  0x08000634    0x4  startup_stm32f429_439xx.o [1]
  .text              ro code  0x08000638    0x4  startup_stm32f429_439xx.o [1]
  .text              ro code  0x0800063c    0x4  startup_stm32f429_439xx.o [1]
  .text              ro code  0x08000640    0x4  startup_stm32f429_439xx.o [1]
  .text              ro code  0x08000644    0x4  startup_stm32f429_439xx.o [1]
  .text              ro code  0x08000648    0x4  startup_stm32f429_439xx.o [1]
  .text              ro code  0x0800064c    0x4  startup_stm32f429_439xx.o [1]
  .text              ro code  0x08000650    0x4  startup_stm32f429_439xx.o [1]
  .text              ro code  0x08000654    0x4  startup_stm32f429_439xx.o [1]
  .text              ro code  0x08000658    0x4  startup_stm32f429_439xx.o [1]
  .text              ro code  0x0800065c    0x4  startup_stm32f429_439xx.o [1]
  .text              ro code  0x08000660    0x4  startup_stm32f429_439xx.o [1]
  .text              ro code  0x08000664    0x4  startup_stm32f429_439xx.o [1]
  .text              ro code  0x08000668    0x4  startup_stm32f429_439xx.o [1]
  .text              ro code  0x0800066c    0x4  startup_stm32f429_439xx.o [1]
  .text              ro code  0x08000670    0x4  startup_stm32f429_439xx.o [1]
  .text              ro code  0x08000674    0x4  startup_stm32f429_439xx.o [1]
  .text              ro code  0x08000678    0x4  startup_stm32f429_439xx.o [1]
  .text              ro code  0x0800067c    0x4  startup_stm32f429_439xx.o [1]
  .text              ro code  0x08000680    0x4  startup_stm32f429_439xx.o [1]
  .text              ro code  0x08000684    0x4  startup_stm32f429_439xx.o [1]
  .text              ro code  0x08000688    0x4  startup_stm32f429_439xx.o [1]
  .text              ro code  0x0800068c    0x4  startup_stm32f429_439xx.o [1]
  .text              ro code  0x08000690    0x4  startup_stm32f429_439xx.o [1]
  .text              ro code  0x08000694    0x4  startup_stm32f429_439xx.o [1]
  .text              ro code  0x08000698    0x4  startup_stm32f429_439xx.o [1]
  .text              ro code  0x0800069c    0x4  startup_stm32f429_439xx.o [1]
  .text              ro code  0x080006a0    0x4  startup_stm32f429_439xx.o [1]
  .text              ro code  0x080006a4    0x4  startup_stm32f429_439xx.o [1]
  .text              ro code  0x080006a8    0x4  startup_stm32f429_439xx.o [1]
  .text              ro code  0x080006ac    0x4  startup_stm32f429_439xx.o [1]
  .text              ro code  0x080006b0    0x4  startup_stm32f429_439xx.o [1]
  .text              ro code  0x080006b4    0x4  startup_stm32f429_439xx.o [1]
  .text              ro code  0x080006b8    0x4  startup_stm32f429_439xx.o [1]
  .text              ro code  0x080006bc    0x4  startup_stm32f429_439xx.o [1]
  .text              ro code  0x080006c0    0x4  startup_stm32f429_439xx.o [1]
  .text              ro code  0x080006c4    0x4  startup_stm32f429_439xx.o [1]
  .text              ro code  0x080006c8    0x4  startup_stm32f429_439xx.o [1]
  .text              ro code  0x080006cc    0x4  startup_stm32f429_439xx.o [1]
  .text              ro code  0x080006d0    0x4  startup_stm32f429_439xx.o [1]
  .text              ro code  0x080006d4    0x4  startup_stm32f429_439xx.o [1]
  .text              ro code  0x080006d8    0x4  startup_stm32f429_439xx.o [1]
  .text              ro code  0x080006dc    0x4  startup_stm32f429_439xx.o [1]
  .text              ro code  0x080006e0    0x4  startup_stm32f429_439xx.o [1]
  .text              ro code  0x080006e4    0x4  startup_stm32f429_439xx.o [1]
  .text              ro code  0x080006e8    0x4  startup_stm32f429_439xx.o [1]
  .text              ro code  0x080006ec    0x4  startup_stm32f429_439xx.o [1]
  .text              ro code  0x080006f0    0x4  startup_stm32f429_439xx.o [1]
  .text              ro code  0x080006f4    0x4  startup_stm32f429_439xx.o [1]
  .text              ro code  0x080006f8    0x4  startup_stm32f429_439xx.o [1]
  .text              ro code  0x080006fc    0x4  startup_stm32f429_439xx.o [1]
  .text              ro code  0x08000700    0x4  startup_stm32f429_439xx.o [1]
  .text              ro code  0x08000704    0x4  startup_stm32f429_439xx.o [1]
  .text              ro code  0x08000708    0x4  startup_stm32f429_439xx.o [1]
  .text              ro code  0x0800070c    0x4  startup_stm32f429_439xx.o [1]
  .text              ro code  0x08000710    0x4  startup_stm32f429_439xx.o [1]
  .text              ro code  0x08000714    0x4  startup_stm32f429_439xx.o [1]
  .text              ro code  0x08000718    0x4  startup_stm32f429_439xx.o [1]
  .rodata            const    0x0800071c    0x0  packbits_init_single.o [5]
  Initializer bytes  const    0x0800071c   0x11  <for P2-1>
                            - 0x0800072d  0x581

"P2", part 1 of 2:                         0x24
  P2-1                        0x20000000   0x24  <Init block>
    .data            inited   0x20000000   0x10  stm32f4xx_rcc.o [1]
    .bss             inited   0x20000010   0x14  main.o [1]
                            - 0x20000024   0x24

"P2", part 2 of 2:                        0x400
  CSTACK                      0x20000028  0x400  <Block>
    CSTACK           uninit   0x20000028  0x400  <Block tail>
                            - 0x20000428  0x400


*******************************************************************************
*** INIT TABLE
***

          Address     Size
          -------     ----
Copy/packbits (__iar_packbits_init_single3)
    1 source range, total size 0x11 (47% of destination):
          0x0800071c  0x11
    1 destination range, total size 0x24:
          0x20000000  0x24



*******************************************************************************
*** MODULE SUMMARY
***

    Module                     ro code  ro data  rw data
    ------                     -------  -------  -------
E:\CMS_Project\Radar\Project\en.stm32f4_dsp_stdperiph_lib\STM32F4xx_DSP_StdPeriph_Lib_V1.8.0\Project\STM32F4xx_StdPeriph_Templates\EWARM\STM32F429_439xx\Obj: [1]
    main.o                         188       10       20
    startup_stm32f429_439xx.o      808
    stm32f4xx_gpio.o               112
    stm32f4xx_it.o                  20
    stm32f4xx_rcc.o                192        7       16
    system_stm32f4xx.o             268
    ----------------------------------------------------
    Total:                       1 588       17       36

command line: [2]
    ----------------------------------------------------
    Total:

dl7M_tln.a: [3]
    exit.o                           4
    low_level_init.o                 4
    ----------------------------------------------------
    Total:                           8

m7M_tls.a: [4]
    fpinit_M.o                      34
    ----------------------------------------------------
    Total:                          34

rt7M_tl.a: [5]
    cexit.o                         10
    cmain.o                         30
    cstartup_M.o                    12
    data_init.o                     40
    packbits_init_single.o          56
    ----------------------------------------------------
    Total:                         148

shb_l.a: [6]
    exit.o                          20
    ----------------------------------------------------
    Total:                          20

    Gaps                             4        2
    Linker created                           16    1 024
--------------------------------------------------------
    Grand Total:                 1 802       35    1 060


*******************************************************************************
*** ENTRY LIST
***

Entry                      Address  Size  Type      Object
-----                      -------  ----  ----      ------
.iar.init_table$$Base   0x08000528         --   Gb  - Linker created -
.iar.init_table$$Limit  0x08000538         --   Gb  - Linker created -
?main                   0x08000539        Code  Gb  cmain.o [5]
APBAHBPrescTable        0x20000000  0x10  Data  Lc  stm32f4xx_rcc.o [1]
BusFault_Handler        0x08000587   0x2  Code  Gb  stm32f4xx_it.o [1]
CSTACK$$Base            0x20000028         --   Gb  - Linker created -
CSTACK$$Limit           0x20000428         --   Gb  - Linker created -
DebugMon_Handler        0x0800058d   0x2  Code  Gb  stm32f4xx_it.o [1]
GPIO_Init               0x08000435  0x70  Code  Gb  stm32f4xx_gpio.o [1]
HardFault_Handler       0x08000583   0x2  Code  Gb  stm32f4xx_it.o [1]
MemManage_Handler       0x08000585   0x2  Code  Gb  stm32f4xx_it.o [1]
NMI_Handler             0x08000581   0x2  Code  Gb  stm32f4xx_it.o [1]
PendSV_Handler          0x0800058f   0x2  Code  Gb  stm32f4xx_it.o [1]
RCC_AHB1PeriphClockCmd  0x0800034d  0x12  Code  Gb  stm32f4xx_rcc.o [1]
RCC_Clocks              0x20000010  0x10  Data  Gb  main.o [1]
RCC_GetClocksFreq       0x080002d3  0x7a  Code  Gb  stm32f4xx_rcc.o [1]
RCC_MCO1Config          0x080002b9   0xa  Code  Gb  stm32f4xx_rcc.o [1]
RCC_MCO2Config          0x080002c3   0x8  Code  Gb  stm32f4xx_rcc.o [1]
Region$$Table$$Base     0x08000528         --   Gb  - Linker created -
Region$$Table$$Limit    0x08000538         --   Gb  - Linker created -
SVC_Handler             0x0800058b   0x2  Code  Gb  stm32f4xx_it.o [1]
SysTick_Handler         0x08000591   0x4  Code  Gb  stm32f4xx_it.o [1]
SystemInit              0x080001ad  0xea  Code  Gb  system_stm32f4xx.o [1]
TimingDelay_Decrement   0x08000413   0xe  Code  Gb  main.o [1]
UsageFault_Handler      0x08000589   0x2  Code  Gb  stm32f4xx_it.o [1]
__cmain                 0x08000539        Code  Gb  cmain.o [5]
__exit                  0x0800056d  0x14  Code  Gb  exit.o [6]
__iar_data_init3        0x080004dd  0x28  Code  Gb  data_init.o [5]
__iar_init_vfp          0x08000505        Code  Gb  fpinit_M.o [4]
__iar_packbits_init_single3
                        0x080004a5  0x38  Code  Gb  packbits_init_single.o [5]
__iar_program_start     0x080005a5        Code  Gb  cstartup_M.o [5]
__iar_systems$$module {Abs}
                        0x00000001        Data  Gb  command line/config [2]
__low_level_init        0x08000557   0x4  Code  Gb  low_level_init.o [3]
__vector_table          0x08000000        Data  Gb  startup_stm32f429_439xx.o [1]
_call_main              0x08000545        Code  Gb  cmain.o [5]
_exit                   0x08000561        Code  Gb  cexit.o [5]
_main                   0x08000553        Code  Gb  cmain.o [5]
exit                    0x0800055b   0x4  Code  Gb  exit.o [3]
main                    0x08000379  0x7c  Code  Gb  main.o [1]
uwTimingDelay           0x20000020   0x4  Data  Lc  main.o [1]


[1] = E:\CMS_Project\Radar\Project\en.stm32f4_dsp_stdperiph_lib\STM32F4xx_DSP_StdPeriph_Lib_V1.8.0\Project\STM32F4xx_StdPeriph_Templates\EWARM\STM32F429_439xx\Obj
[2] = command line
[3] = dl7M_tln.a
[4] = m7M_tls.a
[5] = rt7M_tl.a
[6] = shb_l.a

  1 802 bytes of readonly  code memory
     35 bytes of readonly  data memory
  1 060 bytes of readwrite data memory

Errors: none
Warnings: none
